******************************************************************************
                  TI ARM Linker PC v5.0.1                      
******************************************************************************
>> Linked Sun Apr 07 17:37:51 2013

OUTPUT FILE NAME:   <final_ccs.out>
ENTRY POINT SYMBOL: "_c_int00"  address: 00000c81


MEMORY CONFIGURATION

         name            origin    length      used     unused   attr    fill
----------------------  --------  ---------  --------  --------  ----  --------
  FLASH                 00000000   00040000  000010e2  0003ef1e  R  X
  FLASH                 00000000   00040000  00000000  00040000  R  X
  SRAM                  20000000   00008000  00000b4c  000074b4  RW X
  SRAM                  20000000   00008000  00000000  00008000  RW X


SEGMENT ALLOCATION MAP

run origin  load origin   length   init length attrs members
----------  ----------- ---------- ----------- ----- -------
00000000    00000000    000010e8   000010e8    r-x
  00000000    00000000    0000026c   0000026c    r-- .intvecs
  0000026c    0000026c    00000c80   00000c80    r-x .text
  00000eec    00000eec    00000156   00000156    r-- .const
  00001048    00001048    000000a0   000000a0    r-- .cinit
20000000    20000000    00000ad8   00000000    rw-
  20000000    20000000    000006d8   00000000    rw- .bss
  200006d8    200006d8    00000400   00000000    rw- .stack
20000ad8    20000ad8    00000074   00000074    rw-
  20000ad8    20000ad8    00000074   00000074    rw- .data


SECTION ALLOCATION MAP

 output                                  attributes/
section   page    origin      length       input sections
--------  ----  ----------  ----------   ----------------
.intvecs   0    00000000    0000026c     
                  00000000    0000026c     startup_ccs.obj (.intvecs)

.init_array 
*          0    00000000    00000000     UNINITIALIZED

.cinit     0    00000000    00000000     UNINITIALIZED

.init_array 
*          0    00000000    00000000     UNINITIALIZED

.text      0    0000026c    00000c80     
                  0000026c    00000216     uartstdio.obj (.text:UARTprintf)
                  00000482    00000002     startup_ccs.obj (.text:FaultISR)
                  00000484    0000020c     usb_dev_bulk.obj (.text:main)
                  00000690    00000150     uartstdio.obj (.text:UARTStdioIntHandler)
                  000007e0    000000c0     usb_device.obj (.text:RxHandler)
                  000008a0    000000a8     uartstdio.obj (.text:UARTwrite)
                  00000948    000000a4     uartstdio.obj (.text:UARTStdioConfig)
                  000009ec    0000009c     rtsv7M4_T_le_v4SPD16_eabi.lib : memcpy_t2.obj (.text)
                  00000a88    00000094                                   : auto_init.obj (.text)
                  00000b1c    00000084     uartstdio.obj (.text:UARTPrimeTransmit)
                  00000ba0    00000080     usb_device.obj (.text:USBDevRespondData)
                  00000c20    0000005e     rtsv7M4_T_le_v4SPD16_eabi.lib : copy_decompress_rle.obj (.text)
                  00000c7e    00000002     startup_ccs.obj (.text:IntDefaultHandler)
                  00000c80    00000048     rtsv7M4_T_le_v4SPD16_eabi.lib : boot.obj (.text)
                  00000cc8    00000044                                   : cpy_tbl.obj (.text)
                  00000d0c    00000042                                   : u_divt2.obj (.text)
                  00000d4e    00000002     startup_ccs.obj (.text:NmiSR)
                  00000d50    00000040     usb_device.obj (.text:TxHandler)
                  00000d90    00000040     rtsv7M4_T_le_v4SPD16_eabi.lib : exit.obj (.text)
                  00000dd0    0000003c     uartstdio.obj (.text:UARTFlushTx)
                  00000e0c    0000002c     uartstdio.obj (.text:UARTFlushRx)
                  00000e38    00000020     uartstdio.obj (.text:UARTStdioInit)
                  00000e58    0000001a     uartstdio.obj (.text:IsBufferFull)
                  00000e72    00000002     --HOLE-- [fill = 0]
                  00000e74    00000018     rtsv7M4_T_le_v4SPD16_eabi.lib : args_main.obj (.text)
                  00000e8c    00000014                                   : _lock.obj (.text)
                  00000ea0    00000012                                   : copy_zero_init.obj (.text:decompress:ZI)
                  00000eb2    00000002     --HOLE-- [fill = 0]
                  00000eb4    00000010     usb_dev_bulk.obj (.text:SysTickIntHandler)
                  00000ec4    0000000e     uartstdio.obj (.text:IsBufferEmpty)
                  00000ed2    0000000e     rtsv7M4_T_le_v4SPD16_eabi.lib : copy_decompress_none.obj (.text:decompress:none)
                  00000ee0    00000006     startup_ccs.obj (.text:ResetISR)
                  00000ee6    00000006     rtsv7M4_T_le_v4SPD16_eabi.lib : copy_decompress_rle.obj (.text:decompress:rle24)

.const     0    00000eec    00000156     
                  00000eec    00000030     usb_device.obj (.const:.string:g_pConfigString)
                  00000f1c    00000028     usb_device.obj (.const:.string:g_pDataInterfaceString)
                  00000f44    00000028     usb_device.obj (.const:.string:g_pProductString)
                  00000f6c    00000028     uartstdio.obj (.const)
                  00000f94    00000024     usb_device.obj (.const:.string:g_pManufacturerString)
                  00000fb8    00000024     usb_device.obj (.const:g_sRxBuffer)
                  00000fdc    00000024     usb_device.obj (.const:g_sTxBuffer)
                  00001000    00000018     usb_device.obj (.const)
                  00001018    00000016     usb_device.obj (.const:.string)
                  0000102e    00000002     --HOLE-- [fill = 0]
                  00001030    00000012     uartstdio.obj (.const:.string)

.cinit     0    00001048    000000a0     
                  00001048    0000007c     (.cinit..data.load) [load image]
                  000010c4    0000000c     (__TI_handler_table)
                  000010d0    00000008     (.cinit..bss.load) [load image, compression = zero_init]
                  000010d8    00000010     (__TI_cinit_table)

.bss       0    20000000    000006d8     UNINITIALIZED
                  20000000    00000400     uartstdio.obj (.bss:g_pcUARTTxBuffer)
                  20000400    00000100     usb_device.obj (.bss:g_pucUSBRxBuffer)
                  20000500    00000100     usb_device.obj (.bss:g_pucUSBTxBuffer)
                  20000600    00000080     uartstdio.obj (.bss:g_pcUARTRxBuffer)
                  20000680    00000048     usb_device.obj (.bss)
                  200006c8    00000008     main.obj (.bss)
                  200006d0    00000008     uartstdio.obj (.bss)

.stack     0    200006d8    00000400     UNINITIALIZED
                  200006d8    00000400     --HOLE--

.data      0    20000ad8    00000074     
                  20000ad8    00000024     usb_device.obj (.data:g_sBulkDevice)
                  20000afc    00000015     uartstdio.obj (.data)
                  20000b11    00000003     --HOLE--
                  20000b14    00000011     usb_dev_bulk.obj (.data)
                  20000b25    00000003     --HOLE--
                  20000b28    00000010     usb_device.obj (.data)
                  20000b38    00000008     rtsv7M4_T_le_v4SPD16_eabi.lib : _lock.obj (.data)
                  20000b40    00000008                                   : exit.obj (.data)
                  20000b48    00000004                                   : stkdepth_vars.obj (.data)


LINKER GENERATED COPY TABLES

__TI_cinit_table @ 000010d8 records: 2, size/record: 8, table size: 16
	.data: load addr=00001048, load size=0000007c bytes, run addr=20000ad8, run size=00000074 bytes, compression=copy
	.bss: load addr=000010d0, load size=00000008 bytes, run addr=20000000, run size=000006d8 bytes, compression=zero_init


LINKER GENERATED HANDLER TABLE

__TI_handler_table @ 000010c4 records: 3, size/record: 4, table size: 12
	index: 0, handler: __TI_decompress_rle24
	index: 1, handler: __TI_decompress_none
	index: 2, handler: __TI_zero_init


GLOBAL SYMBOLS: SORTED ALPHABETICALLY BY Name 

address    name
--------   ----
00000d91   C$$EXIT
UNDEFED    GPIOPinConfigure
UNDEFED    GPIOPinWrite
00000ee1   ResetISR
000007e1   RxHandler
UNDEFED    SHT$$INIT_ARRAY$$Base
UNDEFED    SHT$$INIT_ARRAY$$Limit
00000eb5   SysTickIntHandler
00000d51   TxHandler
00000e0d   UARTFlushRx
00000dd1   UARTFlushTx
00000949   UARTStdioConfig
00000e39   UARTStdioInit
00000691   UARTStdioIntHandler
0000026d   UARTprintf
000008a1   UARTwrite
UNDEFED    USB0DeviceIntHandler
UNDEFED    USBBufferDataWritten
UNDEFED    USBBufferEventCallback
UNDEFED    USBBufferFlush
UNDEFED    USBBufferInfoGet
UNDEFED    USBBufferInit
UNDEFED    USBBufferSpaceAvailable
UNDEFED    USBDBulkInit
UNDEFED    USBDBulkPacketRead
UNDEFED    USBDBulkPacketWrite
UNDEFED    USBDBulkRxPacketAvailable
UNDEFED    USBDBulkTxPacketAvailable
UNDEFED    USBStackModeSet
20000ad8   __STACK_END
00000400   __STACK_SIZE
20000ad8   __STACK_TOP
000010d8   __TI_CINIT_Base
000010e8   __TI_CINIT_Limit
000010c4   __TI_Handler_Table_Base
000010d0   __TI_Handler_Table_Limit
00000001   __TI_args_main
00000a89   __TI_auto_init
00000ed3   __TI_decompress_none
00000ee7   __TI_decompress_rle24
00000000   __TI_static_base__
00000ea1   __TI_zero_init
000009ed   __aeabi_memcpy
000009ed   __aeabi_memcpy4
000009ed   __aeabi_memcpy8
00000d0d   __aeabi_uidivmod
ffffffff   __binit__
ffffffff   __c_args__
200006d8   __stack
00000e75   _args_main
00000c81   _c_int00
20000b40   _cleanup_ptr
20000b44   _dtors_ptr
20000b38   _lock
00000e9b   _nop
00000e93   _register_lock
00000e8d   _register_unlock
20000b3c   _unlock
00000d95   abort
ffffffff   binit
00000cc9   copy_in
00000d9d   exit
200006cc   g_connected
00000eec   g_pConfigString
00000f1c   g_pDataInterfaceString
00001018   g_pLangDescriptor
00000f94   g_pManufacturerString
00000f44   g_pProductString
0000101c   g_pSerialNumberString
00001000   g_pStringDescriptors
00000000   g_pfnVectors
20000698   g_pucRxBufferWorkspace
200006b0   g_pucTxBufferWorkspace
20000400   g_pucUSBRxBuffer
20000500   g_pucUSBTxBuffer
20000ad8   g_sBulkDevice
20000680   g_sBulkInstance
00000fb8   g_sRxBuffer
00000fdc   g_sTxBuffer
20000b20   g_ulFlags
20000b1c   g_ulRxCount
20000b14   g_ulSysTickCount
20000b18   g_ulTxCount
20000b2c   g_ulUSBRxCount
20000b28   g_ulUSBTxCount
00000485   main
20000b48   main_func_sp
000009ed   memcpy


GLOBAL SYMBOLS: SORTED BY Symbol Address 

address    name
--------   ----
00000000   __TI_static_base__
00000000   g_pfnVectors
00000001   __TI_args_main
0000026d   UARTprintf
00000400   __STACK_SIZE
00000485   main
00000691   UARTStdioIntHandler
000007e1   RxHandler
000008a1   UARTwrite
00000949   UARTStdioConfig
000009ed   __aeabi_memcpy
000009ed   __aeabi_memcpy4
000009ed   __aeabi_memcpy8
000009ed   memcpy
00000a89   __TI_auto_init
00000c81   _c_int00
00000cc9   copy_in
00000d0d   __aeabi_uidivmod
00000d51   TxHandler
00000d91   C$$EXIT
00000d95   abort
00000d9d   exit
00000dd1   UARTFlushTx
00000e0d   UARTFlushRx
00000e39   UARTStdioInit
00000e75   _args_main
00000e8d   _register_unlock
00000e93   _register_lock
00000e9b   _nop
00000ea1   __TI_zero_init
00000eb5   SysTickIntHandler
00000ed3   __TI_decompress_none
00000ee1   ResetISR
00000ee7   __TI_decompress_rle24
00000eec   g_pConfigString
00000f1c   g_pDataInterfaceString
00000f44   g_pProductString
00000f94   g_pManufacturerString
00000fb8   g_sRxBuffer
00000fdc   g_sTxBuffer
00001000   g_pStringDescriptors
00001018   g_pLangDescriptor
0000101c   g_pSerialNumberString
000010c4   __TI_Handler_Table_Base
000010d0   __TI_Handler_Table_Limit
000010d8   __TI_CINIT_Base
000010e8   __TI_CINIT_Limit
20000400   g_pucUSBRxBuffer
20000500   g_pucUSBTxBuffer
20000680   g_sBulkInstance
20000698   g_pucRxBufferWorkspace
200006b0   g_pucTxBufferWorkspace
200006cc   g_connected
200006d8   __stack
20000ad8   __STACK_END
20000ad8   __STACK_TOP
20000ad8   g_sBulkDevice
20000b14   g_ulSysTickCount
20000b18   g_ulTxCount
20000b1c   g_ulRxCount
20000b20   g_ulFlags
20000b28   g_ulUSBTxCount
20000b2c   g_ulUSBRxCount
20000b38   _lock
20000b3c   _unlock
20000b40   _cleanup_ptr
20000b44   _dtors_ptr
20000b48   main_func_sp
ffffffff   __binit__
ffffffff   __c_args__
ffffffff   binit
UNDEFED    GPIOPinConfigure
UNDEFED    GPIOPinWrite
UNDEFED    SHT$$INIT_ARRAY$$Base
UNDEFED    SHT$$INIT_ARRAY$$Limit
UNDEFED    USB0DeviceIntHandler
UNDEFED    USBBufferDataWritten
UNDEFED    USBBufferEventCallback
UNDEFED    USBBufferFlush
UNDEFED    USBBufferInfoGet
UNDEFED    USBBufferInit
UNDEFED    USBBufferSpaceAvailable
UNDEFED    USBDBulkInit
UNDEFED    USBDBulkPacketRead
UNDEFED    USBDBulkPacketWrite
UNDEFED    USBDBulkRxPacketAvailable
UNDEFED    USBDBulkTxPacketAvailable
UNDEFED    USBStackModeSet

[88 symbols]
